<?xml version="1.0" encoding="UTF-8"?>
<testsuites name="Mocha Tests" time="5.704" tests="1" failures="0">
  <testsuite name="Root Suite" timestamp="2025-05-03T21:50:40" tests="0" file="cypress\e2e\realizar_compra.cy.js" time="0.000" failures="0">
  </testsuite>
  <testsuite name="Realizar Compra" timestamp="2025-05-03T21:50:40" tests="1" time="5.702" failures="0">
    <testcase name="Realizar Compra Finalizar compra" time="3.410" classname="Finalizar compra">
    </testcase>
  </testsuite>
</testsuites>